2025-10-20 17:07:06.649 +02:00 [INF] Initializing Coplay services
2025-10-20 17:07:06.817 +02:00 [INF] Initializing EditorThreadHelper
2025-10-20 17:07:06.818 +02:00 [INF] EditorThreadHelper initialized successfully
2025-10-20 17:07:07.106 +02:00 [INF] Enabling console error detection
2025-10-20 17:07:07.178 +02:00 [INF] Found 0 errors via direct console query (cached)
2025-10-20 17:07:07.187 +02:00 [INF] ConsoleDebugButtonService initializing
2025-10-20 17:07:07.198 +02:00 [INF] Console debug button is enabled, adding button
2025-10-20 17:07:07.199 +02:00 [INF] Enabling console debug button
2025-10-20 17:07:07.203 +02:00 [INF] === Starting console button injection ===
2025-10-20 17:07:07.215 +02:00 [INF] Found 0 console window instances
2025-10-20 17:07:07.215 +02:00 [WRN] No console window instances found - console may not be open
2025-10-20 17:07:07.222 +02:00 [INF] Subscribed to error detection
2025-10-20 17:07:07.222 +02:00 [INF] ConsoleDebugButtonService initialized
2025-10-20 17:08:01.898 +02:00 [INF] Found 0 errors via direct console query (cached)
2025-10-20 17:08:01.924 +02:00 [INF] No startup errors found after delayed check
2025-10-20 17:08:01.944 +02:00 [DBG] UpdateButtonVisibility called - hasErrors: False, _debugButton: null
2025-10-20 17:08:01.945 +02:00 [DBG] Cannot update visibility - buttons are null
2025-10-20 17:10:06.164 +02:00 [INF] Initializing Coplay services
2025-10-20 17:10:06.285 +02:00 [INF] Initializing EditorThreadHelper
2025-10-20 17:10:06.286 +02:00 [INF] EditorThreadHelper initialized successfully
2025-10-20 17:10:06.651 +02:00 [INF] Enabling console error detection
2025-10-20 17:10:06.742 +02:00 [INF] Found 0 errors via direct console query (cached)
2025-10-20 17:10:06.754 +02:00 [INF] ConsoleDebugButtonService initializing
2025-10-20 17:10:06.759 +02:00 [INF] Console debug button is enabled, adding button
2025-10-20 17:10:06.760 +02:00 [INF] Enabling console debug button
2025-10-20 17:10:06.763 +02:00 [INF] === Starting console button injection ===
2025-10-20 17:10:06.763 +02:00 [INF] Found 0 console window instances
2025-10-20 17:10:06.764 +02:00 [WRN] No console window instances found - console may not be open
2025-10-20 17:10:06.779 +02:00 [INF] Subscribed to error detection
2025-10-20 17:10:06.779 +02:00 [INF] ConsoleDebugButtonService initialized
2025-10-20 17:10:34.995 +02:00 [INF] Found 0 errors via direct console query (cached)
2025-10-20 17:10:34.996 +02:00 [INF] No startup errors found after delayed check
2025-10-20 17:10:34.997 +02:00 [DBG] UpdateButtonVisibility called - hasErrors: False, _debugButton: null
2025-10-20 17:10:34.998 +02:00 [DBG] Cannot update visibility - buttons are null
2025-10-20 17:12:28.046 +02:00 [INF] Initializing Coplay services
2025-10-20 17:12:28.248 +02:00 [INF] Initializing EditorThreadHelper
2025-10-20 17:12:28.248 +02:00 [INF] EditorThreadHelper initialized successfully
2025-10-20 17:12:28.495 +02:00 [INF] Enabling console error detection
2025-10-20 17:12:28.542 +02:00 [INF] Found 0 errors via direct console query (cached)
2025-10-20 17:12:28.545 +02:00 [INF] ConsoleDebugButtonService initializing
2025-10-20 17:12:28.553 +02:00 [INF] Console debug button is enabled, adding button
2025-10-20 17:12:28.555 +02:00 [INF] Enabling console debug button
2025-10-20 17:12:28.563 +02:00 [INF] === Starting console button injection ===
2025-10-20 17:12:28.564 +02:00 [INF] Found 0 console window instances
2025-10-20 17:12:28.565 +02:00 [WRN] No console window instances found - console may not be open
2025-10-20 17:12:28.569 +02:00 [INF] Subscribed to error detection
2025-10-20 17:12:28.569 +02:00 [INF] ConsoleDebugButtonService initialized
2025-10-20 17:12:42.580 +02:00 [DBG] Compilation finished, refreshing error state
2025-10-20 17:14:22.016 +02:00 [DBG] Compilation finished, refreshing error state
2025-10-20 17:14:22.197 +02:00 [WRN] Console reflection query failed: Exception has been thrown by the target of an invocation.
2025-10-20 17:14:22.205 +02:00 [INF] Cached error state is stale (113.7s old), returning empty
2025-10-20 17:15:08.649 +02:00 [INF] Initializing Coplay services
2025-10-20 17:15:08.759 +02:00 [INF] Initializing EditorThreadHelper
2025-10-20 17:15:08.759 +02:00 [INF] EditorThreadHelper initialized successfully
2025-10-20 17:15:09.029 +02:00 [INF] Enabling console error detection
2025-10-20 17:15:09.069 +02:00 [INF] Found 0 errors via direct console query (cached)
2025-10-20 17:15:09.073 +02:00 [INF] ConsoleDebugButtonService initializing
2025-10-20 17:15:09.078 +02:00 [INF] Console debug button is enabled, adding button
2025-10-20 17:15:09.078 +02:00 [INF] Enabling console debug button
2025-10-20 17:15:09.087 +02:00 [INF] === Starting console button injection ===
2025-10-20 17:15:09.088 +02:00 [INF] Found 0 console window instances
2025-10-20 17:15:09.101 +02:00 [WRN] No console window instances found - console may not be open
2025-10-20 17:15:09.205 +02:00 [INF] Subscribed to error detection
2025-10-20 17:15:09.205 +02:00 [INF] ConsoleDebugButtonService initialized
2025-10-20 17:15:18.307 +02:00 [DBG] Compilation finished, refreshing error state
2025-10-20 17:15:30.110 +02:00 [DBG] Compilation finished, refreshing error state
2025-10-20 17:15:30.612 +02:00 [WRN] Console reflection query failed: Exception has been thrown by the target of an invocation.
2025-10-20 17:15:30.619 +02:00 [INF] Cached error state is stale (21.5s old), returning empty
2025-10-20 17:15:36.648 +02:00 [WRN] Console reflection query failed: Exception has been thrown by the target of an invocation.
2025-10-20 17:15:36.649 +02:00 [INF] Cached error state is stale (27.6s old), returning empty
2025-10-20 17:19:41.343 +02:00 [INF] Initializing Coplay services
2025-10-20 17:19:41.422 +02:00 [INF] Initializing EditorThreadHelper
2025-10-20 17:19:41.429 +02:00 [INF] EditorThreadHelper initialized successfully
2025-10-20 17:19:41.632 +02:00 [INF] Enabling console error detection
2025-10-20 17:19:41.658 +02:00 [INF] Found 0 errors via direct console query (cached)
2025-10-20 17:19:41.661 +02:00 [INF] ConsoleDebugButtonService initializing
2025-10-20 17:19:41.667 +02:00 [INF] Console debug button is enabled, adding button
2025-10-20 17:19:41.667 +02:00 [INF] Enabling console debug button
2025-10-20 17:19:41.671 +02:00 [INF] === Starting console button injection ===
2025-10-20 17:19:41.671 +02:00 [INF] Found 0 console window instances
2025-10-20 17:19:41.672 +02:00 [WRN] No console window instances found - console may not be open
2025-10-20 17:19:41.675 +02:00 [INF] Subscribed to error detection
2025-10-20 17:19:41.675 +02:00 [INF] ConsoleDebugButtonService initialized
2025-10-20 17:19:50.879 +02:00 [DBG] Compilation finished, refreshing error state
2025-10-20 17:19:58.779 +02:00 [DBG] Compilation finished, refreshing error state
2025-10-20 17:19:59.687 +02:00 [WRN] Console reflection query failed: Exception has been thrown by the target of an invocation.
2025-10-20 17:19:59.694 +02:00 [INF] Cached error state is stale (18.0s old), returning empty
2025-10-20 17:23:54.515 +02:00 [INF] Initializing Coplay services
2025-10-20 17:23:54.600 +02:00 [INF] Initializing EditorThreadHelper
2025-10-20 17:23:54.601 +02:00 [INF] EditorThreadHelper initialized successfully
2025-10-20 17:23:54.854 +02:00 [INF] Enabling console error detection
2025-10-20 17:23:54.932 +02:00 [INF] Found 0 errors via direct console query (cached)
2025-10-20 17:23:54.934 +02:00 [INF] ConsoleDebugButtonService initializing
2025-10-20 17:23:54.941 +02:00 [INF] Console debug button is enabled, adding button
2025-10-20 17:23:54.942 +02:00 [INF] Enabling console debug button
2025-10-20 17:23:54.944 +02:00 [INF] === Starting console button injection ===
2025-10-20 17:23:54.944 +02:00 [INF] Found 0 console window instances
2025-10-20 17:23:54.945 +02:00 [WRN] No console window instances found - console may not be open
2025-10-20 17:23:54.949 +02:00 [INF] Subscribed to error detection
2025-10-20 17:23:54.950 +02:00 [INF] ConsoleDebugButtonService initialized
2025-10-20 17:24:10.376 +02:00 [INF] Found 0 errors via direct console query (cached)
2025-10-20 17:24:10.384 +02:00 [INF] No startup errors found after delayed check
2025-10-20 17:24:10.386 +02:00 [DBG] UpdateButtonVisibility called - hasErrors: False, _debugButton: null
2025-10-20 17:24:10.387 +02:00 [DBG] Cannot update visibility - buttons are null
2025-10-20 17:26:44.375 +02:00 [INF] Initializing Coplay services
2025-10-20 17:26:44.439 +02:00 [INF] Initializing EditorThreadHelper
2025-10-20 17:26:44.439 +02:00 [INF] EditorThreadHelper initialized successfully
2025-10-20 17:26:44.583 +02:00 [INF] Enabling console error detection
2025-10-20 17:26:44.615 +02:00 [INF] Found 0 errors via direct console query (cached)
2025-10-20 17:26:44.617 +02:00 [INF] ConsoleDebugButtonService initializing
2025-10-20 17:26:44.622 +02:00 [INF] Console debug button is enabled, adding button
2025-10-20 17:26:44.623 +02:00 [INF] Enabling console debug button
2025-10-20 17:26:44.625 +02:00 [INF] === Starting console button injection ===
2025-10-20 17:26:44.626 +02:00 [INF] Found 0 console window instances
2025-10-20 17:26:44.627 +02:00 [WRN] No console window instances found - console may not be open
2025-10-20 17:26:44.631 +02:00 [INF] Subscribed to error detection
2025-10-20 17:26:44.631 +02:00 [INF] ConsoleDebugButtonService initialized
2025-10-20 17:26:53.280 +02:00 [DBG] Compilation finished, refreshing error state
2025-10-20 17:26:53.637 +02:00 [WRN] Console reflection query failed: Exception has been thrown by the target of an invocation.
2025-10-20 17:26:53.663 +02:00 [INF] Cached error state is stale (9.0s old), returning empty
2025-10-20 17:27:23.480 +02:00 [DBG] Compilation finished, refreshing error state
2025-10-20 17:27:23.669 +02:00 [WRN] Console reflection query failed: Exception has been thrown by the target of an invocation.
2025-10-20 17:27:23.670 +02:00 [INF] Cached error state is stale (39.1s old), returning empty
2025-10-20 17:27:24.479 +02:00 [INF] Found 42 errors via direct console query (cached)
2025-10-20 17:27:24.481 +02:00 [INF] Found 42 startup errors via direct console query - caching for downstream use
2025-10-20 17:27:24.484 +02:00 [DBG] UpdateButtonVisibility called - hasErrors: False, _debugButton: null
2025-10-20 17:27:24.484 +02:00 [DBG] Cannot update visibility - buttons are null
2025-10-20 17:27:24.736 +02:00 [INF] Found 42 errors via direct console query (cached)
2025-10-20 17:27:24.778 +02:00 [INF] Found 42 errors via direct console query (cached)
2025-10-20 17:32:14.349 +02:00 [INF] Initializing Coplay services
2025-10-20 17:32:14.691 +02:00 [INF] Initializing EditorThreadHelper
2025-10-20 17:32:14.692 +02:00 [INF] EditorThreadHelper initialized successfully
2025-10-20 17:32:15.318 +02:00 [INF] Enabling console error detection
2025-10-20 17:32:15.363 +02:00 [INF] Found 0 errors via direct console query (cached)
2025-10-20 17:32:15.370 +02:00 [INF] ConsoleDebugButtonService initializing
2025-10-20 17:32:15.386 +02:00 [INF] Console debug button is enabled, adding button
2025-10-20 17:32:15.450 +02:00 [INF] Enabling console debug button
2025-10-20 17:32:15.461 +02:00 [INF] === Starting console button injection ===
2025-10-20 17:32:15.461 +02:00 [INF] Found 0 console window instances
2025-10-20 17:32:15.462 +02:00 [WRN] No console window instances found - console may not be open
2025-10-20 17:32:15.482 +02:00 [INF] Subscribed to error detection
2025-10-20 17:32:15.482 +02:00 [INF] ConsoleDebugButtonService initialized
2025-10-20 17:32:30.583 +02:00 [DBG] Compilation finished, refreshing error state
2025-10-20 17:32:39.136 +02:00 [DBG] Compilation finished, refreshing error state
2025-10-20 17:32:39.865 +02:00 [WRN] Console reflection query failed: Exception has been thrown by the target of an invocation.
2025-10-20 17:32:39.893 +02:00 [INF] Cached error state is stale (24.5s old), returning empty
2025-10-20 17:35:44.490 +02:00 [INF] Initializing Coplay services
2025-10-20 17:35:44.579 +02:00 [INF] Initializing EditorThreadHelper
2025-10-20 17:35:44.579 +02:00 [INF] EditorThreadHelper initialized successfully
2025-10-20 17:35:44.783 +02:00 [INF] Enabling console error detection
2025-10-20 17:35:44.835 +02:00 [INF] Found 0 errors via direct console query (cached)
2025-10-20 17:35:44.846 +02:00 [INF] ConsoleDebugButtonService initializing
2025-10-20 17:35:44.854 +02:00 [INF] Console debug button is enabled, adding button
2025-10-20 17:35:44.855 +02:00 [INF] Enabling console debug button
2025-10-20 17:35:44.859 +02:00 [INF] === Starting console button injection ===
2025-10-20 17:35:44.860 +02:00 [INF] Found 0 console window instances
2025-10-20 17:35:44.861 +02:00 [WRN] No console window instances found - console may not be open
2025-10-20 17:35:44.864 +02:00 [INF] Subscribed to error detection
2025-10-20 17:35:44.864 +02:00 [INF] ConsoleDebugButtonService initialized
2025-10-20 17:35:56.339 +02:00 [DBG] Compilation finished, refreshing error state
2025-10-20 17:36:05.809 +02:00 [DBG] Compilation finished, refreshing error state
2025-10-20 17:36:06.689 +02:00 [WRN] Console reflection query failed: Exception has been thrown by the target of an invocation.
2025-10-20 17:36:06.697 +02:00 [INF] Cached error state is stale (21.9s old), returning empty
2025-10-20 17:37:45.536 +02:00 [INF] Initializing Coplay services
2025-10-20 17:37:45.595 +02:00 [INF] Initializing EditorThreadHelper
2025-10-20 17:37:45.596 +02:00 [INF] EditorThreadHelper initialized successfully
2025-10-20 17:37:45.781 +02:00 [INF] Enabling console error detection
2025-10-20 17:37:45.825 +02:00 [INF] Found 0 errors via direct console query (cached)
2025-10-20 17:37:45.827 +02:00 [INF] ConsoleDebugButtonService initializing
2025-10-20 17:37:45.836 +02:00 [INF] Console debug button is enabled, adding button
2025-10-20 17:37:45.836 +02:00 [INF] Enabling console debug button
2025-10-20 17:37:45.843 +02:00 [INF] === Starting console button injection ===
2025-10-20 17:37:45.847 +02:00 [INF] Found 0 console window instances
2025-10-20 17:37:45.847 +02:00 [WRN] No console window instances found - console may not be open
2025-10-20 17:37:45.852 +02:00 [INF] Subscribed to error detection
2025-10-20 17:37:45.852 +02:00 [INF] ConsoleDebugButtonService initialized
2025-10-20 17:37:55.532 +02:00 [DBG] Compilation finished, refreshing error state
2025-10-20 17:38:01.975 +02:00 [DBG] Compilation finished, refreshing error state
2025-10-20 17:38:02.338 +02:00 [WRN] Console reflection query failed: Exception has been thrown by the target of an invocation.
2025-10-20 17:38:02.346 +02:00 [INF] Cached error state is stale (16.5s old), returning empty
2025-10-20 17:40:16.795 +02:00 [INF] Initializing Coplay services
2025-10-20 17:40:17.114 +02:00 [INF] Initializing EditorThreadHelper
2025-10-20 17:40:17.114 +02:00 [INF] EditorThreadHelper initialized successfully
2025-10-20 17:40:17.547 +02:00 [INF] Enabling console error detection
2025-10-20 17:40:17.600 +02:00 [INF] Found 0 errors via direct console query (cached)
2025-10-20 17:40:17.603 +02:00 [INF] ConsoleDebugButtonService initializing
2025-10-20 17:40:17.662 +02:00 [INF] Console debug button is enabled, adding button
2025-10-20 17:40:17.663 +02:00 [INF] Enabling console debug button
2025-10-20 17:40:17.665 +02:00 [INF] === Starting console button injection ===
2025-10-20 17:40:17.666 +02:00 [INF] Found 0 console window instances
2025-10-20 17:40:17.667 +02:00 [WRN] No console window instances found - console may not be open
2025-10-20 17:40:17.671 +02:00 [INF] Subscribed to error detection
2025-10-20 17:40:17.671 +02:00 [INF] ConsoleDebugButtonService initialized
2025-10-20 17:40:29.353 +02:00 [DBG] Compilation finished, refreshing error state
2025-10-20 17:40:39.732 +02:00 [DBG] Compilation finished, refreshing error state
2025-10-20 17:40:40.167 +02:00 [WRN] Console reflection query failed: Exception has been thrown by the target of an invocation.
2025-10-20 17:40:40.179 +02:00 [INF] Cached error state is stale (22.6s old), returning empty
2025-10-20 17:44:05.310 +02:00 [INF] Initializing Coplay services
2025-10-20 17:44:05.363 +02:00 [INF] Initializing EditorThreadHelper
2025-10-20 17:44:05.364 +02:00 [INF] EditorThreadHelper initialized successfully
2025-10-20 17:44:05.502 +02:00 [INF] Enabling console error detection
2025-10-20 17:44:05.529 +02:00 [INF] Found 0 errors via direct console query (cached)
2025-10-20 17:44:05.532 +02:00 [INF] ConsoleDebugButtonService initializing
2025-10-20 17:44:05.537 +02:00 [INF] Console debug button is enabled, adding button
2025-10-20 17:44:05.538 +02:00 [INF] Enabling console debug button
2025-10-20 17:44:05.542 +02:00 [INF] === Starting console button injection ===
2025-10-20 17:44:05.543 +02:00 [INF] Found 0 console window instances
2025-10-20 17:44:05.543 +02:00 [WRN] No console window instances found - console may not be open
2025-10-20 17:44:05.547 +02:00 [INF] Subscribed to error detection
2025-10-20 17:44:05.547 +02:00 [INF] ConsoleDebugButtonService initialized
2025-10-20 17:44:15.210 +02:00 [DBG] Compilation finished, refreshing error state
2025-10-20 17:44:22.567 +02:00 [DBG] Compilation finished, refreshing error state
2025-10-20 17:44:23.086 +02:00 [WRN] Console reflection query failed: Exception has been thrown by the target of an invocation.
2025-10-20 17:44:23.097 +02:00 [INF] Cached error state is stale (17.6s old), returning empty
